Processing file: /beegfs/projects/aw-ciroh/common/met_fcsts/gefs_v12/XCONUS/hcst/2018/20181231/gefs_v12_hcst.2018123100_all_members.XCONUS.nc
Found ensemble members: [0 1 2 3 4]
Processing ensemble member: 01 → /beegfs/sets/aw-ciroh/common/met_fcsts/gefs_v12/camels_gII/hcst/2018/20181231//gefs_v12_hcst.2018123100.camels_gII.ens01.nc
-------------------
Reading input timeseries data for TMP_2maboveground
INFO: value at [0,0,0]: 293.110626
Averaged var TMP_2maboveground for 80 timesteps
-------------------
Reading input timeseries data for APCP_surface
INFO: value at [0,0,0]: 0.100000
Averaged var APCP_surface for 80 timesteps
-------------------
Reading input timeseries data for PRES_surface
INFO: value at [0,0,0]: 101817.343750
Averaged var PRES_surface for 80 timesteps
-------------------
Reading input timeseries data for DSWRF_surface
INFO: value at [0,0,0]: 119.000000
Averaged var DSWRF_surface for 80 timesteps
-------------------
Reading input timeseries data for DLWRF_surface
INFO: value at [0,0,0]: 374.000000
Averaged var DLWRF_surface for 80 timesteps
-------------------
Reading input timeseries data for SPFH_2maboveground
INFO: value at [0,0,0]: 0.010760
Averaged var SPFH_2maboveground for 80 timesteps
-------------------
Reading input timeseries data for UGRD_10maboveground
INFO: value at [0,0,0]: -10.208222
Averaged var UGRD_10maboveground for 80 timesteps
-------------------
Reading input timeseries data for VGRD_10maboveground
INFO: value at [0,0,0]: -3.766138
Averaged var VGRD_10maboveground for 80 timesteps
NGEN compliant file saved to: /beegfs/sets/aw-ciroh/common/met_fcsts/gefs_v12/camels_gII/hcst/2018/20181231//gefs_v12_hcst.2018123100.camels_gII.ens01.nc
Processing ensemble member: 02 → /beegfs/sets/aw-ciroh/common/met_fcsts/gefs_v12/camels_gII/hcst/2018/20181231//gefs_v12_hcst.2018123100.camels_gII.ens02.nc
-------------------
Reading input timeseries data for TMP_2maboveground
INFO: value at [0,0,0]: 293.076874
Averaged var TMP_2maboveground for 80 timesteps
-------------------
Reading input timeseries data for APCP_surface
INFO: value at [0,0,0]: 0.100000
Averaged var APCP_surface for 80 timesteps
-------------------
Reading input timeseries data for PRES_surface
INFO: value at [0,0,0]: 101828.203125
Averaged var PRES_surface for 80 timesteps
-------------------
Reading input timeseries data for DSWRF_surface
INFO: value at [0,0,0]: 119.000000
Averaged var DSWRF_surface for 80 timesteps
-------------------
Reading input timeseries data for DLWRF_surface
INFO: value at [0,0,0]: 374.000000
Averaged var DLWRF_surface for 80 timesteps
-------------------
Reading input timeseries data for SPFH_2maboveground
INFO: value at [0,0,0]: 0.010723
Averaged var SPFH_2maboveground for 80 timesteps
-------------------
Reading input timeseries data for UGRD_10maboveground
INFO: value at [0,0,0]: -9.813891
Averaged var UGRD_10maboveground for 80 timesteps
-------------------
Reading input timeseries data for VGRD_10maboveground
INFO: value at [0,0,0]: -4.193159
Averaged var VGRD_10maboveground for 80 timesteps
NGEN compliant file saved to: /beegfs/sets/aw-ciroh/common/met_fcsts/gefs_v12/camels_gII/hcst/2018/20181231//gefs_v12_hcst.2018123100.camels_gII.ens02.nc
Processing ensemble member: 03 → /beegfs/sets/aw-ciroh/common/met_fcsts/gefs_v12/camels_gII/hcst/2018/20181231//gefs_v12_hcst.2018123100.camels_gII.ens03.nc
-------------------
Reading input timeseries data for TMP_2maboveground
INFO: value at [0,0,0]: 293.760620
Averaged var TMP_2maboveground for 80 timesteps
-------------------
Reading input timeseries data for APCP_surface
INFO: value at [0,0,0]: 0.100000
Averaged var APCP_surface for 80 timesteps
-------------------
Reading input timeseries data for PRES_surface
INFO: value at [0,0,0]: 101795.460938
Averaged var PRES_surface for 80 timesteps
-------------------
Reading input timeseries data for DSWRF_surface
INFO: value at [0,0,0]: 119.000000
Averaged var DSWRF_surface for 80 timesteps
-------------------
Reading input timeseries data for DLWRF_surface
INFO: value at [0,0,0]: 374.000000
Averaged var DLWRF_surface for 80 timesteps
-------------------
Reading input timeseries data for SPFH_2maboveground
INFO: value at [0,0,0]: 0.010858
Averaged var SPFH_2maboveground for 80 timesteps
-------------------
Reading input timeseries data for UGRD_10maboveground
INFO: value at [0,0,0]: -10.157305
Averaged var UGRD_10maboveground for 80 timesteps
-------------------
Reading input timeseries data for VGRD_10maboveground
INFO: value at [0,0,0]: -3.836829
Averaged var VGRD_10maboveground for 80 timesteps
NGEN compliant file saved to: /beegfs/sets/aw-ciroh/common/met_fcsts/gefs_v12/camels_gII/hcst/2018/20181231//gefs_v12_hcst.2018123100.camels_gII.ens03.nc
Processing ensemble member: 04 → /beegfs/sets/aw-ciroh/common/met_fcsts/gefs_v12/camels_gII/hcst/2018/20181231//gefs_v12_hcst.2018123100.camels_gII.ens04.nc
-------------------
Reading input timeseries data for TMP_2maboveground
INFO: value at [0,0,0]: 292.805389
Averaged var TMP_2maboveground for 80 timesteps
-------------------
Reading input timeseries data for APCP_surface
INFO: value at [0,0,0]: 0.100000
Averaged var APCP_surface for 80 timesteps
-------------------
Reading input timeseries data for PRES_surface
INFO: value at [0,0,0]: 101831.710938
Averaged var PRES_surface for 80 timesteps
-------------------
Reading input timeseries data for DSWRF_surface
INFO: value at [0,0,0]: 119.000000
Averaged var DSWRF_surface for 80 timesteps
-------------------
Reading input timeseries data for DLWRF_surface
INFO: value at [0,0,0]: 374.000000
Averaged var DLWRF_surface for 80 timesteps
-------------------
Reading input timeseries data for SPFH_2maboveground
INFO: value at [0,0,0]: 0.010688
Averaged var SPFH_2maboveground for 80 timesteps
-------------------
Reading input timeseries data for UGRD_10maboveground
INFO: value at [0,0,0]: -10.579299
Averaged var UGRD_10maboveground for 80 timesteps
-------------------
Reading input timeseries data for VGRD_10maboveground
INFO: value at [0,0,0]: -3.357244
Averaged var VGRD_10maboveground for 80 timesteps
NGEN compliant file saved to: /beegfs/sets/aw-ciroh/common/met_fcsts/gefs_v12/camels_gII/hcst/2018/20181231//gefs_v12_hcst.2018123100.camels_gII.ens04.nc
Processing ensemble member: 05 → /beegfs/sets/aw-ciroh/common/met_fcsts/gefs_v12/camels_gII/hcst/2018/20181231//gefs_v12_hcst.2018123100.camels_gII.ens05.nc
-------------------
Reading input timeseries data for TMP_2maboveground
INFO: value at [0,0,0]: 292.781219
Averaged var TMP_2maboveground for 80 timesteps
-------------------
Reading input timeseries data for APCP_surface
INFO: value at [0,0,0]: 0.100000
Averaged var APCP_surface for 80 timesteps
-------------------
Reading input timeseries data for PRES_surface
INFO: value at [0,0,0]: 101809.359375
Averaged var PRES_surface for 80 timesteps
-------------------
Reading input timeseries data for DSWRF_surface
INFO: value at [0,0,0]: 119.000000
Averaged var DSWRF_surface for 80 timesteps
-------------------
Reading input timeseries data for DLWRF_surface
INFO: value at [0,0,0]: 374.000000
Averaged var DLWRF_surface for 80 timesteps
-------------------
Reading input timeseries data for SPFH_2maboveground
INFO: value at [0,0,0]: 0.010784
Averaged var SPFH_2maboveground for 80 timesteps
-------------------
Reading input timeseries data for UGRD_10maboveground
INFO: value at [0,0,0]: -10.314245
Averaged var UGRD_10maboveground for 80 timesteps
-------------------
Reading input timeseries data for VGRD_10maboveground
INFO: value at [0,0,0]: -3.647156
Averaged var VGRD_10maboveground for 80 timesteps
NGEN compliant file saved to: /beegfs/sets/aw-ciroh/common/met_fcsts/gefs_v12/camels_gII/hcst/2018/20181231//gefs_v12_hcst.2018123100.camels_gII.ens05.nc
Output file: /beegfs/sets/aw-ciroh/common/met_fcsts/gefs_v12/camels_gII/hcst/2018/20181231//gefs_v12_hcst.2018123100.camels_gII.nc
