Processing file: /beegfs/projects/aw-ciroh/common/met_fcsts/gefs_v12/XCONUS/hcst/2004/20041231/gefs_v12_hcst.2004123100_all_members.XCONUS.nc
Found ensemble members: [0 1 2 3 4]
Processing ensemble member: 01 → /beegfs/sets/aw-ciroh/common/met_fcsts/gefs_v12/camels_gII/hcst/2004/20041231//gefs_v12_hcst.2004123100.camels_gII.ens01.nc
-------------------
Reading input timeseries data for TMP_2maboveground
INFO: value at [0,0,0]: 294.328278
Averaged var TMP_2maboveground for 80 timesteps
-------------------
Reading input timeseries data for APCP_surface
INFO: value at [0,0,0]: 0.000000
Averaged var APCP_surface for 80 timesteps
-------------------
Reading input timeseries data for PRES_surface
INFO: value at [0,0,0]: 101833.046875
Averaged var PRES_surface for 80 timesteps
-------------------
Reading input timeseries data for DSWRF_surface
INFO: value at [0,0,0]: 100.000000
Averaged var DSWRF_surface for 80 timesteps
-------------------
Reading input timeseries data for DLWRF_surface
INFO: value at [0,0,0]: 399.000000
Averaged var DLWRF_surface for 80 timesteps
-------------------
Reading input timeseries data for SPFH_2maboveground
INFO: value at [0,0,0]: 0.012060
Averaged var SPFH_2maboveground for 80 timesteps
-------------------
Reading input timeseries data for UGRD_10maboveground
INFO: value at [0,0,0]: -4.632656
Averaged var UGRD_10maboveground for 80 timesteps
-------------------
Reading input timeseries data for VGRD_10maboveground
INFO: value at [0,0,0]: -4.867649
Averaged var VGRD_10maboveground for 80 timesteps
NGEN compliant file saved to: /beegfs/sets/aw-ciroh/common/met_fcsts/gefs_v12/camels_gII/hcst/2004/20041231//gefs_v12_hcst.2004123100.camels_gII.ens01.nc
Processing ensemble member: 02 → /beegfs/sets/aw-ciroh/common/met_fcsts/gefs_v12/camels_gII/hcst/2004/20041231//gefs_v12_hcst.2004123100.camels_gII.ens02.nc
-------------------
Reading input timeseries data for TMP_2maboveground
INFO: value at [0,0,0]: 294.445068
Averaged var TMP_2maboveground for 80 timesteps
-------------------
Reading input timeseries data for APCP_surface
INFO: value at [0,0,0]: 0.000000
Averaged var APCP_surface for 80 timesteps
-------------------
Reading input timeseries data for PRES_surface
INFO: value at [0,0,0]: 101859.812500
Averaged var PRES_surface for 80 timesteps
-------------------
Reading input timeseries data for DSWRF_surface
INFO: value at [0,0,0]: 100.000000
Averaged var DSWRF_surface for 80 timesteps
-------------------
Reading input timeseries data for DLWRF_surface
INFO: value at [0,0,0]: 399.000000
Averaged var DLWRF_surface for 80 timesteps
-------------------
Reading input timeseries data for SPFH_2maboveground
INFO: value at [0,0,0]: 0.012310
Averaged var SPFH_2maboveground for 80 timesteps
-------------------
Reading input timeseries data for UGRD_10maboveground
INFO: value at [0,0,0]: -4.177351
Averaged var UGRD_10maboveground for 80 timesteps
-------------------
Reading input timeseries data for VGRD_10maboveground
INFO: value at [0,0,0]: -5.175044
Averaged var VGRD_10maboveground for 80 timesteps
NGEN compliant file saved to: /beegfs/sets/aw-ciroh/common/met_fcsts/gefs_v12/camels_gII/hcst/2004/20041231//gefs_v12_hcst.2004123100.camels_gII.ens02.nc
Processing ensemble member: 03 → /beegfs/sets/aw-ciroh/common/met_fcsts/gefs_v12/camels_gII/hcst/2004/20041231//gefs_v12_hcst.2004123100.camels_gII.ens03.nc
-------------------
Reading input timeseries data for TMP_2maboveground
INFO: value at [0,0,0]: 294.146393
Averaged var TMP_2maboveground for 80 timesteps
-------------------
Reading input timeseries data for APCP_surface
INFO: value at [0,0,0]: 0.000000
Averaged var APCP_surface for 80 timesteps
-------------------
Reading input timeseries data for PRES_surface
INFO: value at [0,0,0]: 101841.507812
Averaged var PRES_surface for 80 timesteps
-------------------
Reading input timeseries data for DSWRF_surface
INFO: value at [0,0,0]: 100.000000
Averaged var DSWRF_surface for 80 timesteps
-------------------
Reading input timeseries data for DLWRF_surface
INFO: value at [0,0,0]: 399.000000
Averaged var DLWRF_surface for 80 timesteps
-------------------
Reading input timeseries data for SPFH_2maboveground
INFO: value at [0,0,0]: 0.011690
Averaged var SPFH_2maboveground for 80 timesteps
-------------------
Reading input timeseries data for UGRD_10maboveground
INFO: value at [0,0,0]: -4.662097
Averaged var UGRD_10maboveground for 80 timesteps
-------------------
Reading input timeseries data for VGRD_10maboveground
INFO: value at [0,0,0]: -4.588457
Averaged var VGRD_10maboveground for 80 timesteps
NGEN compliant file saved to: /beegfs/sets/aw-ciroh/common/met_fcsts/gefs_v12/camels_gII/hcst/2004/20041231//gefs_v12_hcst.2004123100.camels_gII.ens03.nc
Processing ensemble member: 04 → /beegfs/sets/aw-ciroh/common/met_fcsts/gefs_v12/camels_gII/hcst/2004/20041231//gefs_v12_hcst.2004123100.camels_gII.ens04.nc
-------------------
Reading input timeseries data for TMP_2maboveground
INFO: value at [0,0,0]: 294.408173
Averaged var TMP_2maboveground for 80 timesteps
-------------------
Reading input timeseries data for APCP_surface
INFO: value at [0,0,0]: 0.000000
Averaged var APCP_surface for 80 timesteps
-------------------
Reading input timeseries data for PRES_surface
INFO: value at [0,0,0]: 101869.140625
Averaged var PRES_surface for 80 timesteps
-------------------
Reading input timeseries data for DSWRF_surface
INFO: value at [0,0,0]: 100.000000
Averaged var DSWRF_surface for 80 timesteps
-------------------
Reading input timeseries data for DLWRF_surface
INFO: value at [0,0,0]: 399.000000
Averaged var DLWRF_surface for 80 timesteps
-------------------
Reading input timeseries data for SPFH_2maboveground
INFO: value at [0,0,0]: 0.011950
Averaged var SPFH_2maboveground for 80 timesteps
-------------------
Reading input timeseries data for UGRD_10maboveground
INFO: value at [0,0,0]: -4.782485
Averaged var UGRD_10maboveground for 80 timesteps
-------------------
Reading input timeseries data for VGRD_10maboveground
INFO: value at [0,0,0]: -4.886683
Averaged var VGRD_10maboveground for 80 timesteps
NGEN compliant file saved to: /beegfs/sets/aw-ciroh/common/met_fcsts/gefs_v12/camels_gII/hcst/2004/20041231//gefs_v12_hcst.2004123100.camels_gII.ens04.nc
Processing ensemble member: 05 → /beegfs/sets/aw-ciroh/common/met_fcsts/gefs_v12/camels_gII/hcst/2004/20041231//gefs_v12_hcst.2004123100.camels_gII.ens05.nc
-------------------
Reading input timeseries data for TMP_2maboveground
INFO: value at [0,0,0]: 294.292297
Averaged var TMP_2maboveground for 80 timesteps
-------------------
Reading input timeseries data for APCP_surface
INFO: value at [0,0,0]: 0.000000
Averaged var APCP_surface for 80 timesteps
-------------------
Reading input timeseries data for PRES_surface
INFO: value at [0,0,0]: 101768.210938
Averaged var PRES_surface for 80 timesteps
-------------------
Reading input timeseries data for DSWRF_surface
INFO: value at [0,0,0]: 100.000000
Averaged var DSWRF_surface for 80 timesteps
-------------------
Reading input timeseries data for DLWRF_surface
INFO: value at [0,0,0]: 399.000000
Averaged var DLWRF_surface for 80 timesteps
-------------------
Reading input timeseries data for SPFH_2maboveground
INFO: value at [0,0,0]: 0.012288
Averaged var SPFH_2maboveground for 80 timesteps
-------------------
Reading input timeseries data for UGRD_10maboveground
INFO: value at [0,0,0]: -4.881311
Averaged var UGRD_10maboveground for 80 timesteps
-------------------
Reading input timeseries data for VGRD_10maboveground
INFO: value at [0,0,0]: -4.843413
Averaged var VGRD_10maboveground for 80 timesteps
NGEN compliant file saved to: /beegfs/sets/aw-ciroh/common/met_fcsts/gefs_v12/camels_gII/hcst/2004/20041231//gefs_v12_hcst.2004123100.camels_gII.ens05.nc
Output file: /beegfs/sets/aw-ciroh/common/met_fcsts/gefs_v12/camels_gII/hcst/2004/20041231//gefs_v12_hcst.2004123100.camels_gII.nc
