Processing file: /beegfs/projects/aw-ciroh/common/met_fcsts/gefs_v12/XCONUS/hcst/2008/20081231/gefs_v12_hcst.2008123100_all_members.XCONUS.nc
Found ensemble members: [0 1 2 3 4]
Processing ensemble member: 01 → /beegfs/sets/aw-ciroh/common/met_fcsts/gefs_v12/camels_gII/hcst/2008/20081231//gefs_v12_hcst.2008123100.camels_gII.ens01.nc
-------------------
Reading input timeseries data for TMP_2maboveground
INFO: value at [0,0,0]: 293.175659
Averaged var TMP_2maboveground for 80 timesteps
-------------------
Reading input timeseries data for APCP_surface
INFO: value at [0,0,0]: 0.080000
Averaged var APCP_surface for 80 timesteps
-------------------
Reading input timeseries data for PRES_surface
INFO: value at [0,0,0]: 101833.476562
Averaged var PRES_surface for 80 timesteps
-------------------
Reading input timeseries data for DSWRF_surface
INFO: value at [0,0,0]: 114.000000
Averaged var DSWRF_surface for 80 timesteps
-------------------
Reading input timeseries data for DLWRF_surface
INFO: value at [0,0,0]: 356.000000
Averaged var DLWRF_surface for 80 timesteps
-------------------
Reading input timeseries data for SPFH_2maboveground
INFO: value at [0,0,0]: 0.010970
Averaged var SPFH_2maboveground for 80 timesteps
-------------------
Reading input timeseries data for UGRD_10maboveground
INFO: value at [0,0,0]: -7.085779
Averaged var UGRD_10maboveground for 80 timesteps
-------------------
Reading input timeseries data for VGRD_10maboveground
INFO: value at [0,0,0]: -5.174368
Averaged var VGRD_10maboveground for 80 timesteps
NGEN compliant file saved to: /beegfs/sets/aw-ciroh/common/met_fcsts/gefs_v12/camels_gII/hcst/2008/20081231//gefs_v12_hcst.2008123100.camels_gII.ens01.nc
Processing ensemble member: 02 → /beegfs/sets/aw-ciroh/common/met_fcsts/gefs_v12/camels_gII/hcst/2008/20081231//gefs_v12_hcst.2008123100.camels_gII.ens02.nc
-------------------
Reading input timeseries data for TMP_2maboveground
INFO: value at [0,0,0]: 292.939880
Averaged var TMP_2maboveground for 80 timesteps
-------------------
Reading input timeseries data for APCP_surface
INFO: value at [0,0,0]: 0.080000
Averaged var APCP_surface for 80 timesteps
-------------------
Reading input timeseries data for PRES_surface
INFO: value at [0,0,0]: 101794.171875
Averaged var PRES_surface for 80 timesteps
-------------------
Reading input timeseries data for DSWRF_surface
INFO: value at [0,0,0]: 114.000000
Averaged var DSWRF_surface for 80 timesteps
-------------------
Reading input timeseries data for DLWRF_surface
INFO: value at [0,0,0]: 356.000000
Averaged var DLWRF_surface for 80 timesteps
-------------------
Reading input timeseries data for SPFH_2maboveground
INFO: value at [0,0,0]: 0.011250
Averaged var SPFH_2maboveground for 80 timesteps
-------------------
Reading input timeseries data for UGRD_10maboveground
INFO: value at [0,0,0]: -7.333884
Averaged var UGRD_10maboveground for 80 timesteps
-------------------
Reading input timeseries data for VGRD_10maboveground
INFO: value at [0,0,0]: -5.584775
Averaged var VGRD_10maboveground for 80 timesteps
NGEN compliant file saved to: /beegfs/sets/aw-ciroh/common/met_fcsts/gefs_v12/camels_gII/hcst/2008/20081231//gefs_v12_hcst.2008123100.camels_gII.ens02.nc
Processing ensemble member: 03 → /beegfs/sets/aw-ciroh/common/met_fcsts/gefs_v12/camels_gII/hcst/2008/20081231//gefs_v12_hcst.2008123100.camels_gII.ens03.nc
-------------------
Reading input timeseries data for TMP_2maboveground
INFO: value at [0,0,0]: 292.972534
Averaged var TMP_2maboveground for 80 timesteps
-------------------
Reading input timeseries data for APCP_surface
INFO: value at [0,0,0]: 0.080000
Averaged var APCP_surface for 80 timesteps
-------------------
Reading input timeseries data for PRES_surface
INFO: value at [0,0,0]: 101899.234375
Averaged var PRES_surface for 80 timesteps
-------------------
Reading input timeseries data for DSWRF_surface
INFO: value at [0,0,0]: 114.000000
Averaged var DSWRF_surface for 80 timesteps
-------------------
Reading input timeseries data for DLWRF_surface
INFO: value at [0,0,0]: 356.000000
Averaged var DLWRF_surface for 80 timesteps
-------------------
Reading input timeseries data for SPFH_2maboveground
INFO: value at [0,0,0]: 0.010220
Averaged var SPFH_2maboveground for 80 timesteps
-------------------
Reading input timeseries data for UGRD_10maboveground
INFO: value at [0,0,0]: -6.514883
Averaged var UGRD_10maboveground for 80 timesteps
-------------------
Reading input timeseries data for VGRD_10maboveground
INFO: value at [0,0,0]: -4.554590
Averaged var VGRD_10maboveground for 80 timesteps
NGEN compliant file saved to: /beegfs/sets/aw-ciroh/common/met_fcsts/gefs_v12/camels_gII/hcst/2008/20081231//gefs_v12_hcst.2008123100.camels_gII.ens03.nc
Processing ensemble member: 04 → /beegfs/sets/aw-ciroh/common/met_fcsts/gefs_v12/camels_gII/hcst/2008/20081231//gefs_v12_hcst.2008123100.camels_gII.ens04.nc
-------------------
Reading input timeseries data for TMP_2maboveground
INFO: value at [0,0,0]: 293.377686
Averaged var TMP_2maboveground for 80 timesteps
-------------------
Reading input timeseries data for APCP_surface
INFO: value at [0,0,0]: 0.080000
Averaged var APCP_surface for 80 timesteps
-------------------
Reading input timeseries data for PRES_surface
INFO: value at [0,0,0]: 101816.265625
Averaged var PRES_surface for 80 timesteps
-------------------
Reading input timeseries data for DSWRF_surface
INFO: value at [0,0,0]: 114.000000
Averaged var DSWRF_surface for 80 timesteps
-------------------
Reading input timeseries data for DLWRF_surface
INFO: value at [0,0,0]: 356.000000
Averaged var DLWRF_surface for 80 timesteps
-------------------
Reading input timeseries data for SPFH_2maboveground
INFO: value at [0,0,0]: 0.010990
Averaged var SPFH_2maboveground for 80 timesteps
-------------------
Reading input timeseries data for UGRD_10maboveground
INFO: value at [0,0,0]: -6.835181
Averaged var UGRD_10maboveground for 80 timesteps
-------------------
Reading input timeseries data for VGRD_10maboveground
INFO: value at [0,0,0]: -4.397354
Averaged var VGRD_10maboveground for 80 timesteps
NGEN compliant file saved to: /beegfs/sets/aw-ciroh/common/met_fcsts/gefs_v12/camels_gII/hcst/2008/20081231//gefs_v12_hcst.2008123100.camels_gII.ens04.nc
Processing ensemble member: 05 → /beegfs/sets/aw-ciroh/common/met_fcsts/gefs_v12/camels_gII/hcst/2008/20081231//gefs_v12_hcst.2008123100.camels_gII.ens05.nc
-------------------
Reading input timeseries data for TMP_2maboveground
INFO: value at [0,0,0]: 293.024872
Averaged var TMP_2maboveground for 80 timesteps
-------------------
Reading input timeseries data for APCP_surface
INFO: value at [0,0,0]: 0.080000
Averaged var APCP_surface for 80 timesteps
-------------------
Reading input timeseries data for PRES_surface
INFO: value at [0,0,0]: 101845.250000
Averaged var PRES_surface for 80 timesteps
-------------------
Reading input timeseries data for DSWRF_surface
INFO: value at [0,0,0]: 114.000000
Averaged var DSWRF_surface for 80 timesteps
-------------------
Reading input timeseries data for DLWRF_surface
INFO: value at [0,0,0]: 356.000000
Averaged var DLWRF_surface for 80 timesteps
-------------------
Reading input timeseries data for SPFH_2maboveground
INFO: value at [0,0,0]: 0.010853
Averaged var SPFH_2maboveground for 80 timesteps
-------------------
Reading input timeseries data for UGRD_10maboveground
INFO: value at [0,0,0]: -8.286426
Averaged var UGRD_10maboveground for 80 timesteps
-------------------
Reading input timeseries data for VGRD_10maboveground
INFO: value at [0,0,0]: -5.270078
Averaged var VGRD_10maboveground for 80 timesteps
NGEN compliant file saved to: /beegfs/sets/aw-ciroh/common/met_fcsts/gefs_v12/camels_gII/hcst/2008/20081231//gefs_v12_hcst.2008123100.camels_gII.ens05.nc
Output file: /beegfs/sets/aw-ciroh/common/met_fcsts/gefs_v12/camels_gII/hcst/2008/20081231//gefs_v12_hcst.2008123100.camels_gII.nc
