Processing file: /beegfs/projects/aw-ciroh/common/met_fcsts/gefs_v12/XCONUS/hcst/2000/20001231/gefs_v12_hcst.2000123100_all_members.XCONUS.nc
Found ensemble members: [0 1 2 3 4]
Processing ensemble member: 01 → /beegfs/sets/aw-ciroh/common/met_fcsts/gefs_v12/camels_gII/hcst/2000/20001231//gefs_v12_hcst.2000123100.camels_gII.ens01.nc
-------------------
Reading input timeseries data for TMP_2maboveground
INFO: value at [0,0,0]: 293.042480
Averaged var TMP_2maboveground for 80 timesteps
-------------------
Reading input timeseries data for APCP_surface
INFO: value at [0,0,0]: 0.000000
Averaged var APCP_surface for 80 timesteps
-------------------
Reading input timeseries data for PRES_surface
INFO: value at [0,0,0]: 101640.867188
Averaged var PRES_surface for 80 timesteps
-------------------
Reading input timeseries data for DSWRF_surface
INFO: value at [0,0,0]: 135.000000
Averaged var DSWRF_surface for 80 timesteps
-------------------
Reading input timeseries data for DLWRF_surface
INFO: value at [0,0,0]: 339.000000
Averaged var DLWRF_surface for 80 timesteps
-------------------
Reading input timeseries data for SPFH_2maboveground
INFO: value at [0,0,0]: 0.010993
Averaged var SPFH_2maboveground for 80 timesteps
-------------------
Reading input timeseries data for UGRD_10maboveground
INFO: value at [0,0,0]: -5.812654
Averaged var UGRD_10maboveground for 80 timesteps
-------------------
Reading input timeseries data for VGRD_10maboveground
INFO: value at [0,0,0]: -3.956753
Averaged var VGRD_10maboveground for 80 timesteps
NGEN compliant file saved to: /beegfs/sets/aw-ciroh/common/met_fcsts/gefs_v12/camels_gII/hcst/2000/20001231//gefs_v12_hcst.2000123100.camels_gII.ens01.nc
Processing ensemble member: 02 → /beegfs/sets/aw-ciroh/common/met_fcsts/gefs_v12/camels_gII/hcst/2000/20001231//gefs_v12_hcst.2000123100.camels_gII.ens02.nc
-------------------
Reading input timeseries data for TMP_2maboveground
INFO: value at [0,0,0]: 293.099243
Averaged var TMP_2maboveground for 80 timesteps
-------------------
Reading input timeseries data for APCP_surface
INFO: value at [0,0,0]: 0.000000
Averaged var APCP_surface for 80 timesteps
-------------------
Reading input timeseries data for PRES_surface
INFO: value at [0,0,0]: 101558.023438
Averaged var PRES_surface for 80 timesteps
-------------------
Reading input timeseries data for DSWRF_surface
INFO: value at [0,0,0]: 135.000000
Averaged var DSWRF_surface for 80 timesteps
-------------------
Reading input timeseries data for DLWRF_surface
INFO: value at [0,0,0]: 339.000000
Averaged var DLWRF_surface for 80 timesteps
-------------------
Reading input timeseries data for SPFH_2maboveground
INFO: value at [0,0,0]: 0.010983
Averaged var SPFH_2maboveground for 80 timesteps
-------------------
Reading input timeseries data for UGRD_10maboveground
INFO: value at [0,0,0]: -6.227832
Averaged var UGRD_10maboveground for 80 timesteps
-------------------
Reading input timeseries data for VGRD_10maboveground
INFO: value at [0,0,0]: -2.963647
Averaged var VGRD_10maboveground for 80 timesteps
NGEN compliant file saved to: /beegfs/sets/aw-ciroh/common/met_fcsts/gefs_v12/camels_gII/hcst/2000/20001231//gefs_v12_hcst.2000123100.camels_gII.ens02.nc
Processing ensemble member: 03 → /beegfs/sets/aw-ciroh/common/met_fcsts/gefs_v12/camels_gII/hcst/2000/20001231//gefs_v12_hcst.2000123100.camels_gII.ens03.nc
-------------------
Reading input timeseries data for TMP_2maboveground
INFO: value at [0,0,0]: 292.936462
Averaged var TMP_2maboveground for 80 timesteps
-------------------
Reading input timeseries data for APCP_surface
INFO: value at [0,0,0]: 0.000000
Averaged var APCP_surface for 80 timesteps
-------------------
Reading input timeseries data for PRES_surface
INFO: value at [0,0,0]: 101656.687500
Averaged var PRES_surface for 80 timesteps
-------------------
Reading input timeseries data for DSWRF_surface
INFO: value at [0,0,0]: 135.000000
Averaged var DSWRF_surface for 80 timesteps
-------------------
Reading input timeseries data for DLWRF_surface
INFO: value at [0,0,0]: 339.000000
Averaged var DLWRF_surface for 80 timesteps
-------------------
Reading input timeseries data for SPFH_2maboveground
INFO: value at [0,0,0]: 0.010771
Averaged var SPFH_2maboveground for 80 timesteps
-------------------
Reading input timeseries data for UGRD_10maboveground
INFO: value at [0,0,0]: -5.405781
Averaged var UGRD_10maboveground for 80 timesteps
-------------------
Reading input timeseries data for VGRD_10maboveground
INFO: value at [0,0,0]: -4.993665
Averaged var VGRD_10maboveground for 80 timesteps
NGEN compliant file saved to: /beegfs/sets/aw-ciroh/common/met_fcsts/gefs_v12/camels_gII/hcst/2000/20001231//gefs_v12_hcst.2000123100.camels_gII.ens03.nc
Processing ensemble member: 04 → /beegfs/sets/aw-ciroh/common/met_fcsts/gefs_v12/camels_gII/hcst/2000/20001231//gefs_v12_hcst.2000123100.camels_gII.ens04.nc
-------------------
Reading input timeseries data for TMP_2maboveground
INFO: value at [0,0,0]: 293.209839
Averaged var TMP_2maboveground for 80 timesteps
-------------------
Reading input timeseries data for APCP_surface
INFO: value at [0,0,0]: 0.000000
Averaged var APCP_surface for 80 timesteps
-------------------
Reading input timeseries data for PRES_surface
INFO: value at [0,0,0]: 101696.070312
Averaged var PRES_surface for 80 timesteps
-------------------
Reading input timeseries data for DSWRF_surface
INFO: value at [0,0,0]: 135.000000
Averaged var DSWRF_surface for 80 timesteps
-------------------
Reading input timeseries data for DLWRF_surface
INFO: value at [0,0,0]: 339.000000
Averaged var DLWRF_surface for 80 timesteps
-------------------
Reading input timeseries data for SPFH_2maboveground
INFO: value at [0,0,0]: 0.011340
Averaged var SPFH_2maboveground for 80 timesteps
-------------------
Reading input timeseries data for UGRD_10maboveground
INFO: value at [0,0,0]: -5.637012
Averaged var UGRD_10maboveground for 80 timesteps
-------------------
Reading input timeseries data for VGRD_10maboveground
INFO: value at [0,0,0]: -4.566082
Averaged var VGRD_10maboveground for 80 timesteps
NGEN compliant file saved to: /beegfs/sets/aw-ciroh/common/met_fcsts/gefs_v12/camels_gII/hcst/2000/20001231//gefs_v12_hcst.2000123100.camels_gII.ens04.nc
Processing ensemble member: 05 → /beegfs/sets/aw-ciroh/common/met_fcsts/gefs_v12/camels_gII/hcst/2000/20001231//gefs_v12_hcst.2000123100.camels_gII.ens05.nc
-------------------
Reading input timeseries data for TMP_2maboveground
INFO: value at [0,0,0]: 292.929016
Averaged var TMP_2maboveground for 80 timesteps
-------------------
Reading input timeseries data for APCP_surface
INFO: value at [0,0,0]: 0.000000
Averaged var APCP_surface for 80 timesteps
-------------------
Reading input timeseries data for PRES_surface
INFO: value at [0,0,0]: 101656.250000
Averaged var PRES_surface for 80 timesteps
-------------------
Reading input timeseries data for DSWRF_surface
INFO: value at [0,0,0]: 135.000000
Averaged var DSWRF_surface for 80 timesteps
-------------------
Reading input timeseries data for DLWRF_surface
INFO: value at [0,0,0]: 339.000000
Averaged var DLWRF_surface for 80 timesteps
-------------------
Reading input timeseries data for SPFH_2maboveground
INFO: value at [0,0,0]: 0.010882
Averaged var SPFH_2maboveground for 80 timesteps
-------------------
Reading input timeseries data for UGRD_10maboveground
INFO: value at [0,0,0]: -6.012026
Averaged var UGRD_10maboveground for 80 timesteps
-------------------
Reading input timeseries data for VGRD_10maboveground
INFO: value at [0,0,0]: -3.335154
Averaged var VGRD_10maboveground for 80 timesteps
NGEN compliant file saved to: /beegfs/sets/aw-ciroh/common/met_fcsts/gefs_v12/camels_gII/hcst/2000/20001231//gefs_v12_hcst.2000123100.camels_gII.ens05.nc
Output file: /beegfs/sets/aw-ciroh/common/met_fcsts/gefs_v12/camels_gII/hcst/2000/20001231//gefs_v12_hcst.2000123100.camels_gII.nc
